yandex.ru/games/
vseigru.net
igroutka.ru
play.google.com
onlineigry.net
gamelayer.ru
ea.com
igrixl.ru
gamaverse.ru
min2win.ru
poki.com
games.mail.ru
multoigri.ru
game01.ru
plarium.com
vseigru.fun
ru.forgeofempires.com
igraemsa.ru
crazygames.ru
ininal.com
mersibo.ru
vk.com
gamesgo.net
igroutka.su
ru.y8.com
gamenet.ru
game-game.com.ua
onlajnigry.net
w1.dwar.ru
welcome.playkey.net
eveonline.com
startgamer.ru
dni.ru
karusel-tv.ru
goha.ru
espritgames.ru
fotostrana.ru
ru.4game.com
pacogames.com
starstable.com
bettergames.ru
2048game.com
gladiators.ru
onlineguru.ru
hardprice.ru
issuetracker.google.com
rutube.ru
era-igr.ru
ru.goobix.com
gfn.ru
heroeswm.ru
transfer.wargaming.net
wargaming.net
igry.ru
xgames-online.ru
gameforge.com
fo4.101xp.com
4gameground.ru
infox.ru
rbkgames.com
najox.com
warthunder.ru
igraz.ru
strana2020.ru
internetmatters.org
onlineigry.com
megaigry.ru
nvidia.com
logiclike.com
epso.europa.eu
expert.ru
ok.ru
callofduty.com
pdalife.to
nextrp.ru
archeage.ru
z-game.xyz
f-games.ru
footballteamgame.com
flashplayer.ru
steambuy.com
worldwar3.com
online.1c.ru
salo.fun
cdoosh.ru
game.lenta.com
playcaliber.com
store.epicgames.com
igroflot.ru
minesweeper.online
kanobu.ru
alawar.ru
1tv.ru
ru.warface.com
rockstargames.com
parimatch.com
topglobus.ru
innogames.com
sber.ru
facebook.com
logic-games.spb.ru
game.so-edinenie.org
khl.ru
crazygames.com
yandex.com
arkadium.com
agame.com
cartoonnetworkhq.com
bgames.com
store.steampowered.com
gog.com
freeonlinegames.com
pbskids.org
gamestolearnenglish.com
nintendo.com
cbeebies.com
cbc.ca
en.boardgamearena.com
friv.com
zone.msn.com
chess.com
games.aarp.org
kahoot.com
king.com
addictinggames.com
mindgames.com
aol.com
abcya.com
pogo.com
coolmathgames.com
valottery.com
mes-games.com
g2a.com
gamestop.com
miniclip.com
gamesgames.com
aiwigame.com
michiganlottery.com
prodigygame.com
roblox.com
nytimes.com
gamepix.com
kizi.com
yiv.com
boredpanda.com
armorgames.com
zylom.com
starfall.com
tabletopia.com
german-games.net
game.co.za
cartoonnetworkeurope.com
boomerangtv.co.uk
funbrain.com
yad.com
garena.sg
parade.com
m.fog.com
betway.com
games.washingtonpost.com
ufreegames.com
gamezop.com
stadia.google.com
seniorsonline.vic.gov.au
klook.com
geoguessr.com
nickelodeon.ru
quickdraw.withgoogle.com
livemint.com
gamaverse.com
mathgames.com
mathplayground.com
gaming.amazon.com
beano.com
spaceplace.nasa.gov
play-games.com
arcgames.com
zynga.com
setgame.com
olg.ca
cloud.my.games
lagged.com
kevin.games
playclassic.games
typing.com
lumosity.com
pubgmobile.com
kiloo.com
funnygames.org
shockwave.com
timesofindia.indiatimes.com
games.xfinity.com
splashlearn.com
smartgameslive.com
sportsbrowser.net
flyordie.com
gameis.net
games.dailymail.co.uk
apps.apple.com
oneindia.com
aeriagames.com
gamefly.com
icivics.org
games.metro.us
insp.com
emulatorgames.online
nerf.hasbro.com
gamehouse.com
wellgames.com
gamelab.com
nspcc.org.uk
sunshinegamesonline.com
friv5online.com
parsec.app
beebom.com
ageofempires.com
playingcards.io
makeuseof.com
educationcity.com
humblebundle.com
gameshotline.org
agar.io
teachyourmonster.org
newgames.com
gamezy.com
parade.arkadiumarena.com
toytheater.com
typingclub.com
rspb.org.uk
cardgames.io
gamesonline.org
cbssports.com
twitch.tv
santatracker.google.com
studyinternational.com
toomkygames.com
kids.scholastic.com
memozor.com
teambuilding.com
gameshownetwork.com
keygames.com
theceostory.in
promo.nj.betmgm.com
chessgames.com
yaksgames.com
games.metv.com
thehoneycombers.com
pcgamer.com
escapadenz.co.nz
online.maryville.edu
games.crossfit.com
jagranjosh.com
mrnussbaum.com
aifreegame.com
play123.in
turtlediary.com
webgamesonline.com
iwin.com
ccpgames.com
daysofwonder.com
games.denverpost.com
freegames.org
kolagames.com
solitaire-web-app.com
usmint.gov
ubisoft.com
physicsgames.net
1000webgames.com
gamesalad.com
insider.com
gamerant.com
scorenga.com
onlinegames.com
allsonicgames.net
cnet.com
pokemongolive.com
laptopmag.com
events.uiowa.edu
androidauthority.com
slashgear.com
yandex.uz/games/

www.yandex.ru
www.vseigru.net
www.igroutka.ru
www.play.google.com
www.onlineigry.net
www.gamelayer.ru
www.ea.com
www.igrixl.ru
www.gamaverse.ru
www.min2win.ru
www.poki.com
www.games.mail.ru
www.multoigri.ru
www.game01.ru
www.plarium.com
www.vseigru.fun
www.ru.forgeofempires.com
www.igraemsa.ru
www.crazygames.ru
www.ininal.com
www.mersibo.ru
www.vk.com
www.gamesgo.net
www.igroutka.su
www.ru.y8.com
www.gamenet.ru
www.game-game.com.ua
www.onlajnigry.net
www.w1.dwar.ru
www.welcome.playkey.net
www.eveonline.com
www.startgamer.ru
www.dni.ru
www.karusel-tv.ru
www.goha.ru
www.espritgames.ru
www.fotostrana.ru
www.ru.4game.com
www.pacogames.com
www.starstable.com
www.bettergames.ru
www.2048game.com
www.gladiators.ru
www.onlineguru.ru
www.hardprice.ru
www.issuetracker.google.com
www.rutube.ru
www.era-igr.ru
www.ru.goobix.com
www.gfn.ru
www.heroeswm.ru
www.transfer.wargaming.net
www.wargaming.net
www.igry.ru
www.xgames-online.ru
www.gameforge.com
www.fo4.101xp.com
www.4gameground.ru
www.infox.ru
www.rbkgames.com
www.najox.com
www.warthunder.ru
www.igraz.ru
www.strana2020.ru
www.internetmatters.org
www.onlineigry.com
www.megaigry.ru
www.nvidia.com
www.logiclike.com
www.epso.europa.eu
www.expert.ru
www.ok.ru
www.callofduty.com
www.pdalife.to
www.nextrp.ru
www.archeage.ru
www.z-game.xyz
www.f-games.ru
www.footballteamgame.com
www.flashplayer.ru
www.steambuy.com
www.worldwar3.com
www.online.1c.ru
www.salo.fun
www.cdoosh.ru
www.game.lenta.com
www.playcaliber.com
www.store.epicgames.com
www.igroflot.ru
www.minesweeper.online
www.kanobu.ru
www.alawar.ru
www.1tv.ru
www.ru.warface.com
www.rockstargames.com
www.parimatch.com
www.topglobus.ru
www.innogames.com
www.sber.ru
www.facebook.com
www.logic-games.spb.ru
www.game.so-edinenie.org
www.khl.ru
www.crazygames.com
www.yandex.com
www.arkadium.com
www.agame.com
www.cartoonnetworkhq.com
www.bgames.com
www.store.steampowered.com
www.gog.com
www.freeonlinegames.com
www.pbskids.org
www.gamestolearnenglish.com
www.nintendo.com
www.cbeebies.com
www.cbc.ca
www.en.boardgamearena.com
www.friv.com
www.zone.msn.com
www.chess.com
www.games.aarp.org
www.kahoot.com
www.king.com
www.addictinggames.com
www.mindgames.com
www.aol.com
www.abcya.com
www.pogo.com
www.coolmathgames.com
www.valottery.com
www.mes-games.com
www.g2a.com
www.gamestop.com
www.miniclip.com
www.gamesgames.com
www.aiwigame.com
www.michiganlottery.com
www.prodigygame.com
www.roblox.com
www.nytimes.com
www.gamepix.com
www.kizi.com
www.yiv.com
www.boredpanda.com
www.armorgames.com
www.zylom.com
www.starfall.com
www.tabletopia.com
www.german-games.net
www.game.co.za
www.cartoonnetworkeurope.com
www.boomerangtv.co.uk
www.funbrain.com
www.yad.com
www.garena.sg
www.parade.com
www.m.fog.com
www.betway.com
www.games.washingtonpost.com
www.ufreegames.com
www.gamezop.com
www.stadia.google.com
www.seniorsonline.vic.gov.au
www.klook.com
www.geoguessr.com
www.nickelodeon.ru
www.quickdraw.withgoogle.com
www.livemint.com
www.gamaverse.com
www.mathgames.com
www.mathplayground.com
www.gaming.amazon.com
www.beano.com
www.spaceplace.nasa.gov
www.play-games.com
www.arcgames.com
www.zynga.com
www.setgame.com
www.olg.ca
www.cloud.my.games
www.lagged.com
www.kevin.games
www.playclassic.games
www.typing.com
www.lumosity.com
www.pubgmobile.com
www.kiloo.com
www.funnygames.org
www.shockwave.com
www.timesofindia.indiatimes.com
www.games.xfinity.com
www.splashlearn.com
www.smartgameslive.com
www.sportsbrowser.net
www.flyordie.com
www.gameis.net
www.games.dailymail.co.uk
www.apps.apple.com
www.oneindia.com
www.aeriagames.com
www.gamefly.com
www.icivics.org
www.games.metro.us
www.insp.com
www.emulatorgames.online
www.nerf.hasbro.com
www.gamehouse.com
www.wellgames.com
www.gamelab.com
www.nspcc.org.uk
www.sunshinegamesonline.com
www.friv5online.com
www.parsec.app
www.beebom.com
www.ageofempires.com
www.playingcards.io
www.makeuseof.com
www.educationcity.com
www.humblebundle.com
www.gameshotline.org
www.agar.io
www.teachyourmonster.org
www.newgames.com
www.gamezy.com
www.parade.arkadiumarena.com
www.toytheater.com
www.typingclub.com
www.rspb.org.uk
www.cardgames.io
www.gamesonline.org
www.cbssports.com
www.twitch.tv
www.santatracker.google.com
www.studyinternational.com
www.toomkygames.com
www.kids.scholastic.com
www.memozor.com
www.teambuilding.com
www.gameshownetwork.com
www.keygames.com
www.theceostory.in
www.promo.nj.betmgm.com
www.chessgames.com
www.yaksgames.com
www.games.metv.com
www.thehoneycombers.com
www.pcgamer.com
www.escapadenz.co.nz
www.online.maryville.edu
www.games.crossfit.com
www.jagranjosh.com
www.mrnussbaum.com
www.aifreegame.com
www.play123.in
www.turtlediary.com
www.webgamesonline.com
www.iwin.com
www.ccpgames.com
www.daysofwonder.com
www.games.denverpost.com
www.freegames.org
www.kolagames.com
www.solitaire-web-app.com
www.usmint.gov
www.ubisoft.com
www.physicsgames.net
www.1000webgames.com
www.gamesalad.com
www.insider.com
www.gamerant.com
www.scorenga.com
www.onlinegames.com
www.allsonicgames.net
www.cnet.com
www.pokemongolive.com
www.laptopmag.com
www.events.uiowa.edu
www.androidauthority.com
www.slashgear.com
www.yandex.uz/games/
browser.yandex.ru
www.browser.yandex.ru
https://www.justbuild.lol
www.justbuild.lol
justbuild.lol
