1000webgames.com
2048game.com
4gameground.ru
abcya.com
addictinggames.com
aeriagames.com
agame.com
agar.io
ageofempires.com
aifreegame.com
aiwigame.com
alawar.ru
allsonicgames.net
androidauthority.com
aol.com
arcgames.com
archeage.ru
arkadium.com
armorgames.com
beano.com
beebom.com
bettergames.ru
betway.com
bgames.com
bloodandsoul.ru
boomerangtv.co.uk
boredpanda.com
brawl-stars.info
callofduty.com
cardgames.io
cartoonnetworkeurope.com
cartoonnetworkhq.com
cbc.ca
cbeebies.com
cbssports.com
ccpgames.com
cloud.my.games
coolmathgames.com
crazygames.com
crazygames.ru
cs-love.net
daysofwonder.com
dni.ru
ea.com
emulatorgames.online
en.boardgamearena.com
epicgames.com
era-igr.ru
espritgames.ru
eu.wargaming.net
eveonline.com
f-games.ru
flashplayer.ru
flyordie.com
fo4.101xp.com
footballteamgame.com
forgeofempires.com
freegames.org
freeonlinegames.com
friv.com
friv5online.com
funbrain.com
g2a.com
gamaverse.com
gamaverse.ru
game-game.com
game-game.com.ua
game.co.za
game.so-edinenie.org
game01.ru
gamefly.com
gameforge.com
gamehouse.com
gameis.net
gamelab.com
gamelayer.ru
gamenet.ru
gamepix.com
gamerant.com
games.aarp.org
games.crossfit.com
games.dailymail.co.uk
games.denverpost.com
games.mail.ru
games.metro.us
games.metv.com
games.washingtonpost.com
games.xfinity.com
gamesalad.com
gamesgames.com
gamesgo.net
gameshotline.org
gameshownetwork.com
gamesonline.org
gamestolearnenglish.com
gamestop.com
gamevils.ru
gamezop.com
gamezy.com
gaming.amazon.com
garena.sg
geoguessr.com
german-games.net
gfn.ru
gladiators.ru
gog.com
goha.ru
hardprice.ru
heroeswm.ru
humblebundle.com
icivics.org
igra.plus
igraz.ru
igrixl.ru
igroflot.ru
igroutka.ru
igroutka.su
igry.ru
igrydlyadevochki.ru
innogames.com
insider.com
insp.com
issuetracker.google.com
iwin.com
joyreactor.cc
justbuild.lol
kahoot.com
karusel-tv.ru
kevin.games
keygames.com
kids.scholastic.com
kiloo.com
king.com
kizi.com
kolagames.com
lagged.com
lagged.ru
laptopmag.com
livemint.com
logic-games.spb.ru
logiclike.com
lumosity.com
m.fog.com
mathgames.com
mathplayground.com
megaigry.ru
memozor.com
mes-games.com
michiganlottery.com
min2win.ru
mindgames.com
minesweeper.online
miniclip.com
mrnussbaum.com
multoigri.ru
najox.com
nerf.hasbro.com
newgames.com
nextrp.ru
nintendo.com
nytimes.com
olg.ca
oneindia.com
onlajnigry.net
onlinegames.com
onlineguru.ru
onlineigry.com
onlineigry.net
pacogames.com
parade.arkadiumarena.com
parade.com
parimatch.com
pbskids.org
pcgamer.com
pdalife.to
physicsgames.net
plarium.com
play-cs.com
play-games.com
play123.in
playcaliber.com
playclassic.games
playingcards.io
pogo.com
pokemongolive.com
poki.com
prodigygame.com
promo.nj.betmgm.com
pubgmobile.com
rbkgames.com
roblox.com
rockstargames.com
ru.4game.com
ru.forgeofempires.com
ru.goobix.com
ru.warface.com
ru.y8.com
salo.fun
santatracker.google.com
scorenga.com
shockwave.com
slashgear.com
smartgameslive.com
solitaire-web-app.com
spaceplace.nasa.gov
splashlearn.com
stadia.google.com
starfall.com
starstable.com
startgamer.ru
steambuy.com
steamcommunity.com
steampowered.com
store.epicgames.com
store.steampowered.com
strelyaj.ru
tankionline.com
teachyourmonster.org
tonna-games.ru
toomkygames.com
topglobus.ru
toytheater.com
transfer.wargaming.net
typingclub.com
ubisoft.com
ufreegames.com
valottery.com
vseigru.fun
vseigru.net
w1.dwar.ru
wargaming.net
warthunder.ru
webgamesonline.com
welcome.playkey.net
wellgames.com
worldoftanks.eu
worldwar3.com
xgames-online.ru
yad.com
yaksgames.com
yiv.com
z-game.xyz
zone.msn.com
zylom.com
zynga.com
